// Jest Snapshot v1, https://goo.gl/fbAQLP

exports[`NavBar component renders the SideNav component without crashing 1`] = `ShallowWrapper {}`;
