// Jest Snapshot v1, https://goo.gl/fbAQLP

exports[`Profile Page renders the profile page component without crashing 1`] = `ShallowWrapper {}`;
