// Jest Snapshot v1, https://goo.gl/fbAQLP

exports[`Button component renders the button component without crashing 1`] = `ShallowWrapper {}`;
