// Jest Snapshot v1, https://goo.gl/fbAQLP

exports[`Index file renders the index file without crashing 1`] = `"{\\"_reactInternalInstance\\":\\"censored\\"}"`;
